// Jest Snapshot v1, https://goo.gl/fbAQLP

exports[`Pruebas en <SinglePicture /> debe mostrar el componente correctamente  1`] = `ShallowWrapper {}`;
